SecDevOps Banco Base — dependency boot log
Run started : 2026-06-16 23:04:24
Status      : completed successfully
------------------------------------------------------------
[23:04:24] jinja2: not found — installing Jinja2…
[23:04:29] Collecting Jinja2>=3.1
[23:04:29]   Using cached jinja2-3.1.6-py3-none-any.whl.metadata (2.9 kB)
[23:04:30] Collecting MarkupSafe>=2.1
[23:04:30]   Using cached markupsafe-3.0.3-cp314-cp314-win_amd64.whl.metadata (2.8 kB)
[23:04:30] Using cached jinja2-3.1.6-py3-none-any.whl (134 kB)
[23:04:30] Using cached markupsafe-3.0.3-cp314-cp314-win_amd64.whl (15 kB)
[23:04:30] Installing collected packages: MarkupSafe, Jinja2
[23:04:30] Successfully installed Jinja2-3.1.6 MarkupSafe-3.0.3
[23:04:30] jinja2: already satisfied
[23:04:30] selenium: not found — installing selenium…
[23:04:33] Collecting selenium
[23:04:33]   Using cached selenium-4.45.0-py3-none-any.whl.metadata (7.4 kB)
[23:04:33] Requirement already satisfied: certifi>=2026.2.25 in C:\Users\slunam\AppData\Roaming\Python\Python314\site-packages (from selenium) (2026.5.20)
[23:04:33] Requirement already satisfied: trio<1.0,>=0.31.0 in C:\Users\slunam\AppData\Roaming\Python\Python314\site-packages (from selenium) (0.33.0)
[23:04:33] Requirement already satisfied: trio-websocket<1.0,>=0.12.2 in C:\Users\slunam\AppData\Roaming\Python\Python314\site-packages (from selenium) (0.12.2)
[23:04:33] Requirement already satisfied: typing_extensions<5.0,>=4.15.0 in C:\Users\slunam\AppData\Local\Python\pythoncore-3.14-64\Lib\site-packages (from selenium) (4.15.0)
[23:04:33] Requirement already satisfied: urllib3<3.0,>=2.6.3 in C:\Users\slunam\AppData\Local\Python\pythoncore-3.14-64\Lib\site-packages (from urllib3[socks]<3.0,>=2.6.3->selenium) (2.7.0)
[23:04:33] Requirement already satisfied: websocket-client<2.0,>=1.8.0 in C:\Users\slunam\AppData\Roaming\Python\Python314\site-packages (from selenium) (1.9.0)
[23:04:33] Requirement already satisfied: attrs>=23.2.0 in C:\Users\slunam\AppData\Roaming\Python\Python314\site-packages (from trio<1.0,>=0.31.0->selenium) (26.1.0)
[23:04:33] Requirement already satisfied: sortedcontainers in C:\Users\slunam\AppData\Roaming\Python\Python314\site-packages (from trio<1.0,>=0.31.0->selenium) (2.4.0)
[23:04:33] Requirement already satisfied: idna in C:\Users\slunam\AppData\Local\Python\pythoncore-3.14-64\Lib\site-packages (from trio<1.0,>=0.31.0->selenium) (2.6)
[23:04:33] Requirement already satisfied: outcome in C:\Users\slunam\AppData\Roaming\Python\Python314\site-packages (from trio<1.0,>=0.31.0->selenium) (1.3.0.post0)
[23:04:33] Requirement already satisfied: sniffio>=1.3.0 in C:\Users\slunam\AppData\Roaming\Python\Python314\site-packages (from trio<1.0,>=0.31.0->selenium) (1.3.1)
[23:04:33] Requirement already satisfied: cffi>=1.14 in C:\Users\slunam\AppData\Roaming\Python\Python314\site-packages (from trio<1.0,>=0.31.0->selenium) (2.0.0)
[23:04:33] Requirement already satisfied: wsproto>=0.14 in C:\Users\slunam\AppData\Roaming\Python\Python314\site-packages (from trio-websocket<1.0,>=0.12.2->selenium) (1.3.2)
[23:04:33] Requirement already satisfied: pysocks!=1.5.7,<2.0,>=1.5.6 in C:\Users\slunam\AppData\Roaming\Python\Python314\site-packages (from urllib3[socks]<3.0,>=2.6.3->selenium) (1.7.1)
[23:04:33] Requirement already satisfied: pycparser in C:\Users\slunam\AppData\Roaming\Python\Python314\site-packages (from cffi>=1.14->trio<1.0,>=0.31.0->selenium) (3.0)
[23:04:33] Requirement already satisfied: h11<1,>=0.16.0 in C:\Users\slunam\AppData\Roaming\Python\Python314\site-packages (from wsproto>=0.14->trio-websocket<1.0,>=0.12.2->selenium) (0.16.0)
[23:04:33] Using cached selenium-4.45.0-py3-none-any.whl (9.5 MB)
[23:04:33] Installing collected packages: selenium
[23:04:38] Successfully installed selenium-4.45.0
[23:04:38] selenium: already satisfied
[23:04:38] webdriver_manager: not found — installing webdriver-manager…
[23:04:42] Collecting webdriver-manager
[23:04:42]   Using cached webdriver_manager-4.1.2-py3-none-any.whl.metadata (16 kB)
[23:04:43] Collecting requests (from webdriver-manager)
[23:04:43]   Using cached requests-2.34.2-py3-none-any.whl.metadata (4.8 kB)
[23:04:43] Requirement already satisfied: python-dotenv in C:\Users\slunam\AppData\Roaming\Python\Python314\site-packages (from webdriver-manager) (1.2.2)
[23:04:43] Requirement already satisfied: packaging in C:\Users\slunam\AppData\Local\Python\pythoncore-3.14-64\Lib\site-packages (from webdriver-manager) (26.0)
[23:04:43] Requirement already satisfied: charset_normalizer<4,>=2 in C:\Users\slunam\AppData\Local\Python\pythoncore-3.14-64\Lib\site-packages (from requests->webdriver-manager) (3.4.4)
[23:04:43] Requirement already satisfied: idna<4,>=2.5 in C:\Users\slunam\AppData\Local\Python\pythoncore-3.14-64\Lib\site-packages (from requests->webdriver-manager) (2.6)
[23:04:43] Requirement already satisfied: urllib3<3,>=1.26 in C:\Users\slunam\AppData\Local\Python\pythoncore-3.14-64\Lib\site-packages (from requests->webdriver-manager) (2.7.0)
[23:04:43] Requirement already satisfied: certifi>=2023.5.7 in C:\Users\slunam\AppData\Roaming\Python\Python314\site-packages (from requests->webdriver-manager) (2026.5.20)
[23:04:43] Using cached webdriver_manager-4.1.2-py3-none-any.whl (32 kB)
[23:04:43] Using cached requests-2.34.2-py3-none-any.whl (73 kB)
[23:04:43] Installing collected packages: requests, webdriver-manager
[23:04:43] Successfully installed requests-2.34.2 webdriver-manager-4.1.2
[23:04:44] webdriver_manager: already satisfied
[23:04:44] pynput: not found — installing pynput…
[23:04:47] Collecting pynput
[23:04:47]   Using cached pynput-1.8.2-py2.py3-none-any.whl.metadata (32 kB)
[23:04:47] Requirement already satisfied: six in C:\Users\slunam\AppData\Local\Python\pythoncore-3.14-64\Lib\site-packages (from pynput) (1.17.0)
[23:04:47] Using cached pynput-1.8.2-py2.py3-none-any.whl (92 kB)
[23:04:47] Installing collected packages: pynput
[23:04:47] Successfully installed pynput-1.8.2
[23:04:48] pynput: already satisfied
[23:04:48] yaml: not found — installing PyYAML…
[23:04:52] Collecting PyYAML
[23:04:52]   Using cached pyyaml-6.0.3-cp314-cp314-win_amd64.whl.metadata (2.4 kB)
[23:04:52] Using cached pyyaml-6.0.3-cp314-cp314-win_amd64.whl (156 kB)
[23:04:52] Installing collected packages: PyYAML
[23:04:52] Successfully installed PyYAML-6.0.3
[23:04:52] yaml: already satisfied
[23:04:53] requests: already satisfied
[23:04:54] node/npm: already satisfied
[23:04:54] [secrets] downloading git-secrets from GitHub…
[23:04:54] [secrets] git-secrets download failed (URLError(SSLCertVerificationError(1, '[SSL: CERTIFICATE_VERIFY_FAILED] certificate verify failed: Basic Constraints of CA cert not marked critical (_ssl.c:1081)'))); built-in engine will be used.
[23:05:04] snyk-cli: already satisfied
[23:05:04] Runtime ready.
